ASxxxx Linker V02.00 + NoICE + sdld,  page 1.
Hexadecimal

Area                               Addr   Size   Decimal Bytes (Attributes)
--------------------------------   ----   ----   ------- ----- ------------
.	.ABS.                            0000   0000 =      0. bytes (ABS,CON)

      Value  Global                              Global Defined In Module
      -----  ---------------------------------   ------------------------
            0000  .__.ABS.                         
            0000  l__BSS                           
            0000  l__CABS                          
            0000  l__HEADER                        
            0000  l__HEAP                          
            0000  l__HOME                          
            0000  l__OVERLAY                       
            0000  s__HEADER                        
            0000  s__HEADER0                       
            0001  l__GSFINAL                       
            0021  l__HEADER0                       
            00AC  l__GSINIT                        
            0251  l__DATA                          
            7000  s__DATA                          
            7251  s__GSINIT                        
            7251  s__HOME                          
            7251  s__OVERLAY                       
            72FD  s__GSFINAL                       
            72FE  s__BSS                           
            72FE  s__CABS                          
            72FE  s__HEAP                          
            7C0B  l__CODE                          
            8048  s__CODE                          

ASxxxx Linker V02.00 + NoICE + sdld,  page 2.
Hexadecimal

Area                               Addr   Size   Decimal Bytes (Attributes)
--------------------------------   ----   ----   ------- ----- ------------
_CODE                              8048   7C0B =  31755. bytes (REL,CON)

      Value  Global                              Global Defined In Module
      -----  ---------------------------------   ------------------------
            8048  _modulo                          
            8048  _modulo_start                    
            8066  _modulo_end                      
            80E7  _frm                             
            80FF  _snd_table                       
            8100  _sound_nmi                       
            8100  _sound_nmi_start                 
            8274  _sound_nmi_end                   
            8274  _stopmusic                       
            8274  _stopmusic_start                 
            82B9  _startmusic                      
            82B9  _startmusic_start                
            82B9  _stopmusic_end                   
            82F9  _startmusic_end                  
            82F9  _startsfxPrio                    
            82F9  _startsfxPrio_start              
            8333  _startsfx                        
            8333  _startsfxPrio_end                
            8333  _startsfx_start                  
            8368  _changeFontColor                 
            8368  _changeFontColor_start           
            8368  _startsfx_end                    
            83B7  _addScore                        
            83B7  _addScore_start                  
            83B7  _changeFontColor_end             
            83F0  _addScore_end                    
            83F0  _initBonus                       
            83F0  _initBonus_start                 
            840A  _desactivateBonus                
            840A  _desactivateBonus_start          
            840A  _initBonus_end                   
            841F  _createBonus                     
            841F  _createBonus_start               
            841F  _desactivateBonus_end            
            8509  _createBonus_end                 
            8509  _renderBonus                     
            8509  _renderBonus_start               
            8547  _renderBonus_end                 
            8547  _renderPlayerScore               
            8547  _renderPlayerScore_start         
            85B0  _renderPlayerHiScore             
            85B0  _renderPlayerHiScore_start       
            85B0  _renderPlayerScore_end           
            8615  _renderPlayerHiScore_end         
            8615  _renderPlayerNbLives             
            8615  _renderPlayerNbLives_start       
            8633  _renderPlayerLevel               
            8633  _renderPlayerLevel_start         
            8633  _renderPlayerNbLives_end         
            8678  _isCollision                     
ASxxxx Linker V02.00 + NoICE + sdld,  page 3.
Hexadecimal

Area                               Addr   Size   Decimal Bytes (Attributes)
--------------------------------   ----   ----   ------- ----- ------------
_CODE                              8048   7C0B =  31755. bytes (REL,CON)

      Value  Global                              Global Defined In Module
      -----  ---------------------------------   ------------------------
            8678  _isCollision_start               
            8678  _renderPlayerLevel_end           
            86F5  _isCollision_end                 
            86F5  _peekGhostGameZone               
            86F5  _peekGhostGameZone_start         
            87AC  _initAutoDoor                    
            87AC  _initAutoDoor_start              
            87AC  _peekGhostGameZone_end           
            8898  _initAutoDoor_end                
            8898  _renderAutoDoor                  
            8898  _renderAutoDoor_start            
            895E  _isPlayerDirectionFree           
            895E  _isPlayerDirectionFree_start     
            895E  _renderAutoDoor_end              
            8E4D  _isCopDirectionFree              
            8E4D  _isCopDirectionFree_start        
            8E4D  _isPlayerDirectionFree_end       
            9166  _changePlayerDirection           
            9166  _changePlayerDirection_start     
            9166  _isCopDirectionFree_end          
            9189  _changePlayerDirection_end       
            9189  _movePlayer                      
            9189  _movePlayer_start                
            928F  _animatePlayer                   
            928F  _animatePlayer_start             
            928F  _movePlayer_end                  
            930E  _animatePlayer_end               
            930E  _renderPlayerDeath               
            930E  _renderPlayerDeath_start         
            93BF  _checkPlayerGameCollisions       
            93BF  _checkPlayerGameCollisions_start 
            93BF  _renderPlayerDeath_end           
            9660  _checkPlayerGameCollisions_end   
            9660  _renderSprite                    
            9660  _renderSprite_start              
            9690  _initPlayer                      
            9690  _initPlayer_start                
            9690  _renderSprite_end                
            96EF  _initPlayer_end                  
            96EF  _reInitPlayer                    
            96EF  _reInitPlayer_start              
            9746  _initCop                         
            9746  _initCop_start                   
            9746  _reInitPlayer_end                
            9917  _initCop_end                     
            9917  _moveCop0                        
            9917  _moveCop0_start                  
            9B1E  _moveCop0_end                    
            9B1E  _moveCop1                        
            9B1E  _moveCop1_start                  
            9CFA  _moveCop1_end                    
ASxxxx Linker V02.00 + NoICE + sdld,  page 4.
Hexadecimal

Area                               Addr   Size   Decimal Bytes (Attributes)
--------------------------------   ----   ----   ------- ----- ------------
_CODE                              8048   7C0B =  31755. bytes (REL,CON)

      Value  Global                              Global Defined In Module
      -----  ---------------------------------   ------------------------
            9CFA  _moveCop2                        
            9CFA  _moveCop2_start                  
            9F01  _moveCop2_end                    
            9F01  _moveCop3                        
            9F01  _moveCop3_start                  
            A17C  _moveCop3_end                    
            A17C  _renderCop                       
            A17C  _renderCop_start                 
            A27D  _renderCop_end                   
            A27D  _renderDoors                     
            A27D  _renderDoors_start               
            A3B5  _createDoor                      
            A3B5  _createDoor_start                
            A3B5  _renderDoors_end                 
            A5BD  _createDoor_end                  
            A5BD  _openDoors                       
            A5BD  _openDoors_start                 
            A5EC  _initLevel                       
            A5EC  _initLevel_start                 
            A5EC  _openDoors_end                   
            ABBD  _gameLoop                        
            ABBD  _gameLoop_start                  
            ABBD  _initLevel_end                   
            AE6B  _gameLoop_end                    
            AE6B  _menu                            
            AE6B  _menu_start                      
            AE8C  _menu_end                        
            AEA0  _resetSprites                    
            AEA0  _resetSprites_start              
            AEC1  _playIntro                       
            AEC1  _playIntro_start                 
            AEC1  _resetSprites_end                
            AFD3  _eraseScreen                     
            AFD3  _eraseScreen_start               
            AFD3  _playIntro_end                   
            B001  _comptePills                     
            B001  _comptePills_start               
            B001  _eraseScreen_end                 
            B038  _comptePills_end                 
            B038  _main                            
            B038  _main_start                      
            B80D  _main_end                        
            B99F  _nmi                             
            B99F  _nmi_start                       
            BA65  _nmi_end                         
            BACD  keypad_table                     
            BB3C  _BIOS0NAMERLE                    
            BC21  _BIOS0PATTERNRLE                 
            BDF9  _BIOS0COLORRLE1                  
            BF2D  _BIOS0COLORRLE2                  
            C061  _BIOS0COLORRLE3                  
ASxxxx Linker V02.00 + NoICE + sdld,  page 5.
Hexadecimal

Area                               Addr   Size   Decimal Bytes (Attributes)
--------------------------------   ----   ----   ------- ----- ------------
_CODE                              8048   7C0B =  31755. bytes (REL,CON)

      Value  Global                              Global Defined In Module
      -----  ---------------------------------   ------------------------
            C190  _BIOS0COLORRLE4                  
            C2BF  _BIOS0COLORRLE5                  
            C3EE  _BIOS0COLORRLE6                  
            C51D  _BIOS1NAMERLE                    
            C592  _BIOS1PATTERNRLE                 
            C7EC  _BIOS1COLORRLE                   
            C847  _sfx_bonus                       
            C888  _music_gameOver                  
            C975  _music_inGame                    
            CB84  _NAMERLE                         
            CE1B  _NAMERLE_INTRO                   
            D019  _PATTERNRLE                      
            D2FA  _COLORRLE                        
            D429  _SPATTERNRLE                     
            D79D  _SPRITESINITSIZE                 
            D79F  _GHOSTGAMEZONE                   
            DA9F  _NAMERLE_LEVEL2                  
            DD35  _PATTERNRLE_LEVEL2               
            E020  _COLORRLE_LEVEL2                 
            E16B  _GHOSTGAMEZONE_LEVEL2            
            E46B  _NAMERLE_LEVEL3                  
            E700  _PATTERNRLE_LEVEL3               
            E9EB  _COLORRLE_LEVEL3                 
            EB34  _SPATTERNRLE_LEVEL3              
            EEA8  _GHOSTGAMEZONE_LEVEL3            
            F1A8  _music_looseLife                 
            F242  _direct_sound                    
            F255  _music_nextLevel                 
            F3E3  _sfx_piece                       
            F410  _sfx_porte                       
            F482  _TITLENAMERLE                    
            F491  _TITLEPATTERNRLE                 
            F800  _TITLECOLORRLE                   
            F83B  _print_at                        
            F852  __modschar_rrx_s                 
            F859  __modschar_rrx_hds               
            F85F  __modsint_rrx_s                  
            F865  __modsint_rrx_hds                
            F86B  _rle2vram                        
            F89F  _memcpyb                         
            F8AD  _put_vram                        
            F8C2  _screen_mode_2_bitmap            
            F8FF  __divsint_rrx_s                  
            F908  __divschar_rrx_s                 
            F90F  __div8                           
            F90F  __divschar_rrx_hds               
            F913  __div_signexte                   
            F917  __div16                          
            F917  __divsint_rrx_hds                
            F93D  __get_remainder                  
            F947  _disable_nmi                     
ASxxxx Linker V02.00 + NoICE + sdld,  page 6.
Hexadecimal

Area                               Addr   Size   Decimal Bytes (Attributes)
--------------------------------   ----   ----   ------- ----- ------------
_CODE                              8048   7C0B =  31755. bytes (REL,CON)

      Value  Global                              Global Defined In Module
      -----  ---------------------------------   ------------------------
            F952  _enable_nmi                      
            F95D  _center_string                   
            F982  _set_snd_table                   
            F986  set_snd_table                    
            F997  _fill_vram                       
            F9A9  _screen_on                       
            F9B4  _get_char                        
            F9CA  __divuint_rrx_s                  
            F9D2  __divuchar_rrx_s                 
            F9D9  __divu8                          
            F9D9  __divuchar_rrx_hds               
            F9DC  __divu16                         
            F9DC  __divuint_rrx_hds                
            FA0E  __moduchar_rrx_s                 
            FA15  __moduchar_rrx_hds               
            FA1A  __moduint_rrx_s                  
            FA20  __moduint_rrx_hds                
            FA25  _load_patternrle                 
            FA34  _put_frame                       
            FA4C  _rnd                             
            FA58  default_set_mode_2               
            FA5E  default_vdp_reg                  
            FA7A  _strlen0                         
            FA88  _updatesprites                   
            FA9F  _delay                           
            FAC9  rnd1                             
            FAF8  _put_char                        
            FB0B  _rnd_byte                        
            FB19  _duplicate_pattern               
            FB5B  _str                             
            FB71  calc_offset                      
            FB7C  _screen_off                      
            FB87  _update_sprites0                 
            FBE3  _pause                           
            FC10  _get_random                      
            FC25  _utoa0                           
            FC47  absdiff_max_min                  
ASxxxx Linker V02.00 + NoICE + sdld,  page 7.
Hexadecimal

Area                               Addr   Size   Decimal Bytes (Attributes)
--------------------------------   ----   ----   ------- ----- ------------
_DATA                              7000   0251 =    593. bytes (REL,CON)

      Value  Global                              Global Defined In Module
      -----  ---------------------------------   ------------------------
            7000  _hiscore                         
            7002  _player                          
            7022  _cop                             
            7056  _playerDoors                     
            7070  _autoDoors                       
            7080  _autoDoorCurrentGfx              
            7081  _bonus                           
            708A  _extend                          
            708B  _currentBonus                    
            708C  _animateSprite                   
            708D  _scatterModeTimer                
            708F  _autoDoorTimer                   
            7091  _autoDoorCurrentFrame            
            7093  _autoDoorCurrentMove             
            7095  _bigTimer                        
            7097  _currentLevel                    
            7098  _currentAbsoluteLevel            
            7099  _workflow                        
            709A  _currentFlicker                  
            709B  _bsprites                        
            711B  _odd                             
            711C  _levelParamCop0Speed             
            711D  _levelParamCop1Speed             
            711E  _levelParamCop2Speed             
            711F  _levelParamCop3Speed             
            7120  _levelParamScatterModeTime       
            7122  _levelParamCopFreezeBonus        
            7124  _levelParamBonusShowTime         
            7126  _levelParamShowAutoDoors         
            7127  _levelParamCop0FreezeStart       
            7129  _levelParamCop1FreezeStart       
            712B  _levelParamCop2FreezeStart       
            712D  _levelParamCop3FreezeStart       
            712F  _levelParamNbLives               
            7131  _levelParamShowPlayerDoors       
            7133  _directionDemandee               
            7134  _timerDirectionDemandee          
            7135  _activateNmi                     
            7136  _nextLifeBonus                   
            7138  _G_TickCount                     
            713A  _G_LastTick                      
            713C  _G_count                         
            713E  _G_ATATTick                      
            7140  _G_ATATTickShoot                 
            7142  _G_KILLTick                      
            7144  _loopMusic                       
            7145  _sfxEnCours                      
            7146  _vola                            
            7147  _pPlayList                       
            7149  _pPlayListForLoop                
ASxxxx Linker V02.00 + NoICE + sdld,  page 8.
Hexadecimal

Area                               Addr   Size   Decimal Bytes (Attributes)
--------------------------------   ----   ----   ------- ----- ------------
_DATA                              7000   0251 =    593. bytes (REL,CON)

      Value  Global                              Global Defined In Module
      -----  ---------------------------------   ------------------------
            714B  _nPlayDelay                      
            714C  _pSfxList                        
            714E  _nSfxDelay                       
            714F  _buffer32                        
            716F  snd_addr                         
            717A  snd_areas                        
            71B7  _no_nmi                          
            71B8  _vdp_status                      
            71B9  _nmi_flag                        
            71BA  _joypad_1                        
            71BB  _keypad_1                        
            71BC  _joypad_2                        
            71BD  _keypad_2                        
            71BE  _BIOS0COLORS                     
            71CA  sprite_count                     
            71CB  _sprites                         

ASxxxx Linker V02.00 + NoICE + sdld,  page 9.
Hexadecimal

Area                               Addr   Size   Decimal Bytes (Attributes)
--------------------------------   ----   ----   ------- ----- ------------
_OVERLAY                           7251   0000 =      0. bytes (REL,CON)

      Value  Global                              Global Defined In Module
      -----  ---------------------------------   ------------------------
ASxxxx Linker V02.00 + NoICE + sdld,  page 10.
Hexadecimal

Area                               Addr   Size   Decimal Bytes (Attributes)
--------------------------------   ----   ----   ------- ----- ------------
_HOME                              7251   0000 =      0. bytes (REL,CON)

      Value  Global                              Global Defined In Module
      -----  ---------------------------------   ------------------------
ASxxxx Linker V02.00 + NoICE + sdld,  page 11.
Hexadecimal

Area                               Addr   Size   Decimal Bytes (Attributes)
--------------------------------   ----   ----   ------- ----- ------------
_GSINIT                            7251   00AC =    172. bytes (REL,CON)

      Value  Global                              Global Defined In Module
      -----  ---------------------------------   ------------------------
            72D5  gsinit                           

ASxxxx Linker V02.00 + NoICE + sdld,  page 12.
Hexadecimal

Area                               Addr   Size   Decimal Bytes (Attributes)
--------------------------------   ----   ----   ------- ----- ------------
_GSFINAL                           72FD   0001 =      1. bytes (REL,CON)

      Value  Global                              Global Defined In Module
      -----  ---------------------------------   ------------------------
ASxxxx Linker V02.00 + NoICE + sdld,  page 13.
Hexadecimal

Area                               Addr   Size   Decimal Bytes (Attributes)
--------------------------------   ----   ----   ------- ----- ------------
_CABS                              72FE   0000 =      0. bytes (REL,CON)

      Value  Global                              Global Defined In Module
      -----  ---------------------------------   ------------------------
ASxxxx Linker V02.00 + NoICE + sdld,  page 14.
Hexadecimal

Area                               Addr   Size   Decimal Bytes (Attributes)
--------------------------------   ----   ----   ------- ----- ------------
_BSS                               72FE   0000 =      0. bytes (REL,CON)

      Value  Global                              Global Defined In Module
      -----  ---------------------------------   ------------------------
ASxxxx Linker V02.00 + NoICE + sdld,  page 15.
Hexadecimal

Area                               Addr   Size   Decimal Bytes (Attributes)
--------------------------------   ----   ----   ------- ----- ------------
_HEAP                              72FE   0000 =      0. bytes (REL,CON)

      Value  Global                              Global Defined In Module
      -----  ---------------------------------   ------------------------
ASxxxx Linker V02.00 + NoICE + sdld,  page 16.
Hexadecimal

Area                               Addr   Size   Decimal Bytes (Attributes)
--------------------------------   ----   ----   ------- ----- ------------
_HEADER                            0000   0000 =      0. bytes (ABS,CON)

      Value  Global                              Global Defined In Module
      -----  ---------------------------------   ------------------------
ASxxxx Linker V02.00 + NoICE + sdld,  page 17.
Hexadecimal

Area                               Addr   Size   Decimal Bytes (Attributes)
--------------------------------   ----   ----   ------- ----- ------------
_HEADER0                           0000   0021 =     33. bytes (ABS,CON)

      Value  Global                              Global Defined In Module
      -----  ---------------------------------   ------------------------
ASxxxx Linker V02.00 + NoICE + sdld,  page 18.

Files Linked                              [ module(s) ]

main.rel                                  [ main ]
../crtcv.rel                              [ crt0 ]
bios0.rel                                 [ bios0 ]
bios1.rel                                 [ bios1 ]
bonus.rel                                 [ bonus ]
gameOver.rel                              [ gameOver ]
ingame.rel                                [ ingame ]
level1.rel                                [ level1 ]
level2.rel                                [ level2 ]
level3.rel                                [ level3 ]
loose_life.rel                            [ loose_life ]
musique.rel                               [ musique ]
nextlevel.rel                             [ nextlevel ]
piece.rel                                 [ piece ]
porte.rel                                 [ porte ]
Title.rel                                 [ Title ]


Libraries Linked                          [ object file ]

../getput.lib                             [ gp9print ]
C:\sdcc\bin\..\lib\z80/z80.lib            [ modsigned.rel ]
../cvlib.lib                              [ rle2vram ]
../cvlib.lib                              [ memcpyb ]
../cvlib.lib                              [ vdp2 ]
../getput.lib                             [ gpscrmo0 ]
C:\sdcc\bin\..\lib\z80/z80.lib            [ divsigned.rel ]
../cvlib.lib                              [ nmi ]
../getput.lib                             [ gp9centr ]
../cvlib.lib                              [ sndtbl ]
../cvlib.lib                              [ vdp1 ]
../cvlib.lib                              [ scrn_on ]
../getput.lib                             [ gpascii1 ]
C:\sdcc\bin\..\lib\z80/z80.lib            [ divunsigned.rel ]
C:\sdcc\bin\..\lib\z80/z80.lib            [ modunsigned.rel ]
../getput.lib                             [ gppatrle ]
../getput.lib                             [ gpfram0 ]
../getput.lib                             [ gprnd0 ]
../getput.lib                             [ gpscrmo2 ]
../getput.lib                             [ gpstrlen ]
../cvlib.lib                              [ sprites2 ]
../getput.lib                             [ gpupdats ]
../cvlib.lib                              [ delay ]
../getput.lib                             [ gprnd2 ]
../getput.lib                             [ gpascii0 ]
../getput.lib                             [ gprnd1 ]
../cvlib.lib                              [ vdppat1 ]
../getput.lib                             [ gpstr ]
../getput.lib                             [ gpcaloff ]
../cvlib.lib                              [ scrn_off ]
../cvlib.lib                              [ sprites3 ]
../getput.lib                             [ gppause ]
../cvlib.lib                              [ get_rand ]
../getput.lib                             [ gputoa0 ]
../getput.lib                             [ gprnd5 ]

ASxxxx Linker V02.00 + NoICE + sdld,  page 19.

User Base Address Definitions

_CODE = 0x8048
_DATA = 0x7000

